import { defineNitroConfig } from 'nitropack/config'
import tsconfigPaths from 'vite-tsconfig-paths'
import path from 'path'

export default defineNitroConfig({
  rootDir: __dirname,
  srcDir: __dirname,
  entry: './index.ts',
  routeRules: {
    '/**': { isr: true },
  },
  dev: true,
  logLevel: 3,

  // uključuje tsconfig paths iz root-a
  vite: {
    plugins: [tsconfigPaths()],
    resolve: {
      alias: {
        '@@': path.resolve(__dirname, '../'),
        '@@server': path.resolve(__dirname),
        '@@shared': path.resolve(__dirname, '../shared'),
        '@@prisma': path.resolve(__dirname, '../prisma'),
      },
    },
    define: {
      'import.meta.require': undefined
    },
  },

  experimental: {
    asyncContext: false,
    workers: false,
    tasks: false
  },

  compatibilityDate: '2025-09-13'
})
